// Jest Snapshot v1, https://goo.gl/fbAQLP

exports[`<BusinessProfile/> renders correctly 1`] = `
<div>
  <Connect(NavBar) />
  <div
    className="row content SideNav container"
  >
    <div
      className="col-md-3 jumbotron"
    >
      <Connect(SideNav)
        state={Object {}}
      />
    </div>
     
    <div
      className="col-md-9"
    >
      <div
        className="card"
      >
        <div
          className="card-header"
        >
          Profile
        </div>
        <div
          className="card-body ProfileCard"
        >
          <h5>
            Business Name
          </h5>
          <small>
            <p />
          </small>
          <h5>
            Description
          </h5>
          <small>
            <p />
          </small>
          <h5>
            Category
          </h5>
          <small>
            <p />
          </small>
          <h5>
            Location
          </h5>
          <small>
            <p />
          </small>
        </div>
      </div>
    </div>
     
    <div
      className="col-md-3"
    />
    <div
      className="col-md-9 Reviews"
    >
      <Connect(Component)
        business={Object {}}
        state={Object {}}
      />
    </div>
     
  </div>
  <Footer />
</div>
`;
